../Core/Src/main.c:153:5:main	64	static
../Core/Src/main.c:267:6:SystemClock_Config	96	static
../Core/Src/main.c:314:13:MX_ADC1_Init	24	static
../Core/Src/main.c:372:13:MX_TIM1_Init	120	static
../Core/Src/main.c:458:13:MX_TIM3_Init	40	static
../Core/Src/main.c:503:13:MX_GPIO_Init	48	static
../Core/Src/main.c:562:6:HAL_TIM_PeriodElapsedCallback	16	static
../Core/Src/main.c:568:10:millis	8	static
../Core/Src/main.c:572:6:speed	16	static
../Core/Src/main.c:577:6:motor	16	static
../Core/Src/main.c:597:6:updateIR	16	static
../Core/Src/main.c:679:6:calibrate	96	static
../Core/Src/main.c:752:6:Error_Handler	8	static,ignoring_inline_asm
