17:21:56 **** Incremental Build of configuration Debug for project IR_array ****
make -j6 all 
arm-none-eabi-gcc "../Core/Src/main.c" -mcpu=cortex-m0plus -std=gnu11 -g3 -DDEBUG -DUSE_HAL_DRIVER -DSTM32G0B1xx -c -I../Core/Inc -I../Drivers/STM32G0xx_HAL_Driver/Inc -I../Drivers/STM32G0xx_HAL_Driver/Inc/Legacy -I../Drivers/CMSIS/Device/ST/STM32G0xx/Include -I../Drivers/CMSIS/Include -O0 -ffunction-sections -fdata-sections -Wall -fstack-usage -fcyclomatic-complexity -MMD -MP -MF"Core/Src/main.d" -MT"Core/Src/main.o" --specs=nano.specs -mfloat-abi=soft -mthumb -o "Core/Src/main.o"
arm-none-eabi-gcc -o "IR_array.elf" @"objects.list"   -mcpu=cortex-m0plus -T"C:\Users\Yasiru\STM32CubeIDE\workspace_1.14.0\IR_array\STM32G0B1RETX_FLASH.ld" --specs=nosys.specs -Wl,-Map="IR_array.map" -Wl,--gc-sections -static --specs=nano.specs -mfloat-abi=soft -mthumb -Wl,--start-group -lc -lm -Wl,--end-group
Finished building target: IR_array.elf
 
arm-none-eabi-size  IR_array.elf 
arm-none-eabi-objdump -h -S IR_array.elf  > "IR_array.list"
   text	   data	    bss	    dec	    hex	filename
  25424	     72	   1912	  27408	   6b10	IR_array.elf
Finished building: default.size.stdout
 
Finished building: IR_array.list
 

17:21:56 Build Finished. 0 errors, 0 warnings. (took 930ms)

